ALL /v1/databases/:id/studio-proxy token nd://scope/read/databases
ALL /v1/databases/:id/studio-proxy/* token nd://scope/read/databases
DELETE /scim/v2/Users/:id scim -
DELETE /v1/alerts/:id operator nd://scope/write/alerts
DELETE /v1/auth/oidc/providers/:id operator -
DELETE /v1/auth/passkey/:id self -
DELETE /v1/auth/sessions/:id self -
DELETE /v1/auth/tokens/:id self -
DELETE /v1/backup-destinations/:id operator nd://scope/write/backups
DELETE /v1/backups/:bid admin nd://scope/write/backups
DELETE /v1/config-presets/:id operator nd://scope/write/config
DELETE /v1/config/:key operator nd://scope/write/config
DELETE /v1/containers/:container/files operator -
DELETE /v1/databases/:id admin nd://scope/write/databases
DELETE /v1/databases/:id/imports/:importId admin nd://scope/write/databases
DELETE /v1/databases/:id/public-access operator nd://scope/write/databases
DELETE /v1/databases/:id/studio operator nd://scope/write/databases
DELETE /v1/egress/:projectId operator nd://scope/write/egress
DELETE /v1/environments/:id admin -
DELETE /v1/firewall/rules/:id operator nd://scope/write/firewall
DELETE /v1/github-apps/:id operator -
DELETE /v1/labels/:id member -
DELETE /v1/log-drains/:id operator -
DELETE /v1/networks/:name operator -
DELETE /v1/notifications/channels/:id operator nd://scope/write/notifications
DELETE /v1/projects/:id admin nd://scope/write/projects
DELETE /v1/projects/:id/env/:varId member nd://scope/write/env
DELETE /v1/scim/tokens/:id operator -
DELETE /v1/servers/:id operator -
DELETE /v1/services/:id admin nd://scope/write/services
DELETE /v1/services/:id/attachments/:attId member nd://scope/write/services
DELETE /v1/services/:id/deploys/:depId admin nd://scope/write/deploys
DELETE /v1/services/:id/domains/:domainId member nd://scope/write/domains
DELETE /v1/services/:id/env/:varId member nd://scope/write/env
DELETE /v1/services/:id/env/preview/:varId member nd://scope/write/env
DELETE /v1/services/:id/github operator nd://scope/write/services
DELETE /v1/services/:id/jobs/:jobId member nd://scope/write/services
DELETE /v1/services/:id/volumes/:attId admin nd://scope/write/volumes
DELETE /v1/services/:id/webhooks/:hookId admin nd://scope/write/webhooks
DELETE /v1/settings/enrolment operator nd://scope/write/settings
DELETE /v1/settings/secret-providers/aws operator nd://scope/write/settings
DELETE /v1/settings/secret-providers/vault operator nd://scope/write/settings
DELETE /v1/sources/:id operator -
DELETE /v1/sso/providers/:id operator nd://scope/write/sso
DELETE /v1/templates/community/:id operator -
DELETE /v1/traefik/certificates/custom/:id operator -
DELETE /v1/traefik/custom-config operator -
DELETE /v1/tunnels/:id operator -
DELETE /v1/users/:id operator nd://scope/write/users
DELETE /v1/volumes/:name operator nd://scope/write/volumes
DELETE /v1/volumes/:name/files operator nd://scope/write/volumes
DELETE /v1/workspaces/:id owner -
DELETE /v1/workspaces/:id/invitations/:inviteId admin -
DELETE /v1/workspaces/:id/members/:memberId admin -
DELETE /v1/workspaces/:wid/email-templates/:name admin -
GET /health public -
GET /scim/v2/Schemas public -
GET /scim/v2/ServiceProviderConfig public -
GET /scim/v2/Users scim -
GET /scim/v2/Users/:id scim -
GET /v1/about public -
GET /v1/activity operator -
GET /v1/ai/config authed -
GET /v1/alerts authed nd://scope/read/alerts
GET /v1/auth/me self -
GET /v1/auth/oidc/:slug/callback token -
GET /v1/auth/oidc/:slug/login public -
GET /v1/auth/oidc/providers operator -
GET /v1/auth/oidc/providers/public public -
GET /v1/auth/passkey self -
GET /v1/auth/sessions self -
GET /v1/auth/status public -
GET /v1/auth/token self -
GET /v1/auth/tokens self -
GET /v1/backup-destinations operator nd://scope/read/backups
GET /v1/backup-destinations/:id/objects operator nd://scope/read/backups
GET /v1/backups authed nd://scope/read/backups
GET /v1/backups/:bid/download admin nd://scope/read/backups
GET /v1/branding authed -
GET /v1/build-cache/stats authed -
GET /v1/config operator nd://scope/read/config
GET /v1/config-presets operator nd://scope/read/config
GET /v1/config-presets/:id operator nd://scope/read/config
GET /v1/config/:key operator nd://scope/read/config
GET /v1/containers/:container/compose operator -
GET /v1/containers/:container/files operator -
GET /v1/containers/:container/files/content operator -
GET /v1/containers/:container/inspect operator -
GET /v1/dashboard authed -
GET /v1/databases authed nd://scope/read/databases
GET /v1/databases/:id viewer nd://scope/read/databases
GET /v1/databases/:id/backup-policy viewer nd://scope/read/databases
GET /v1/databases/:id/backups viewer nd://scope/read/databases
GET /v1/databases/:id/credentials admin nd://scope/read/databases
GET /v1/databases/:id/drills viewer nd://scope/read/databases
GET /v1/databases/:id/imports admin nd://scope/read/databases
GET /v1/databases/:id/imports/:importId admin nd://scope/read/databases
GET /v1/databases/:id/logs viewer nd://scope/read/databases
GET /v1/databases/:id/pgbouncer member nd://scope/read/databases
GET /v1/databases/:id/public-access admin nd://scope/read/databases
GET /v1/databases/:id/storage viewer nd://scope/read/databases
GET /v1/doctor operator -
GET /v1/domain-presets authed nd://scope/read/domains
GET /v1/domain-transfers/:token token nd://scope/read/domains_transfer
GET /v1/domains authed nd://scope/read/domains
GET /v1/egress operator nd://scope/read/egress
GET /v1/env/search authed nd://scope/read/env
GET /v1/environments authed -
GET /v1/events authed -
GET /v1/firewall operator nd://scope/read/firewall
GET /v1/github-apps operator -
GET /v1/github-apps/:id operator -
GET /v1/github-apps/:id/installations operator -
GET /v1/housekeeping/images operator nd://scope/read/housekeeping
GET /v1/housekeeping/prune/config operator nd://scope/read/housekeeping
GET /v1/invitations/:token token -
GET /v1/labels authed -
GET /v1/log-drains operator -
GET /v1/log-drains/:id operator -
GET /v1/menus authed -
GET /v1/metric-history authed -
GET /v1/networks operator -
GET /v1/networks/:name/members operator -
GET /v1/notifications/channels operator nd://scope/read/notifications
GET /v1/notifications/log operator nd://scope/read/notifications
GET /v1/openapi.json authed -
GET /v1/orchestrators operator nd://scope/read/orchestrators
GET /v1/orchestrators/:name/stacks operator nd://scope/read/orchestrators
GET /v1/orchestrators/:name/stacks/:stack operator nd://scope/read/orchestrators
GET /v1/plugins authed -
GET /v1/plugins/:id/inspect authed -
GET /v1/plugins/marketplace authed -
GET /v1/projects authed nd://scope/read/projects
GET /v1/projects/:id/env viewer nd://scope/read/env
GET /v1/scim/tokens operator -
GET /v1/servers operator -
GET /v1/servers/:id/bootstrap-logs operator -
GET /v1/servers/:id/stats operator -
GET /v1/services authed nd://scope/read/services
GET /v1/services/:id viewer nd://scope/read/services
GET /v1/services/:id/attachments viewer nd://scope/read/services
GET /v1/services/:id/deploys viewer nd://scope/read/deploys
GET /v1/services/:id/deploys/:depId/diff viewer nd://scope/read/deploys
GET /v1/services/:id/deploys/:depId/logs viewer nd://scope/read/deploys
GET /v1/services/:id/deploys/:depId/logs/download viewer nd://scope/read/deploys
GET /v1/services/:id/domains viewer nd://scope/read/domains
GET /v1/services/:id/domains/:domainId/dns viewer nd://scope/read/domains
GET /v1/services/:id/env viewer nd://scope/read/env
GET /v1/services/:id/env/export admin nd://scope/read/env
GET /v1/services/:id/env/preview viewer nd://scope/read/env
GET /v1/services/:id/exec operator nd://scope/read/services
GET /v1/services/:id/export operator nd://scope/read/services
GET /v1/services/:id/github viewer nd://scope/read/services
GET /v1/services/:id/insights viewer nd://scope/read/manifests
GET /v1/services/:id/jobs viewer nd://scope/read/services
GET /v1/services/:id/jobs/:jobId/runs viewer nd://scope/read/services
GET /v1/services/:id/logs viewer nd://scope/read/services
GET /v1/services/:id/metrics viewer nd://scope/read/services
GET /v1/services/:id/tags viewer nd://scope/read/services
GET /v1/services/:id/targets viewer nd://scope/read/services
GET /v1/services/:id/volumes viewer nd://scope/read/volumes
GET /v1/services/:id/webhooks viewer nd://scope/read/webhooks
GET /v1/services/queue authed nd://scope/read/services
GET /v1/settings operator nd://scope/read/settings
GET /v1/settings/dns-records operator nd://scope/read/settings
GET /v1/settings/dns-records/namecheap operator nd://scope/read/settings
GET /v1/settings/domain-policy operator nd://scope/read/settings
GET /v1/settings/enrolment operator nd://scope/read/settings
GET /v1/settings/master-key operator nd://scope/read/settings
GET /v1/settings/secret-providers operator nd://scope/read/settings
GET /v1/settings/vault operator nd://scope/read/settings
GET /v1/sources operator -
GET /v1/sources/:id/branches operator -
GET /v1/sources/:id/repos operator -
GET /v1/sources/:id/test operator -
GET /v1/sso/:name/callback authed nd://scope/read/sso
GET /v1/sso/:name/login authed nd://scope/read/sso
GET /v1/sso/providers operator nd://scope/read/sso
GET /v1/stats authed -
GET /v1/system/docker-events operator nd://scope/read/health
GET /v1/system/export operator nd://scope/read/health
GET /v1/system/panel-backup operator nd://scope/read/health
GET /v1/system/panel-backup/remote operator nd://scope/read/health
GET /v1/system/resources operator nd://scope/read/health
GET /v1/system/update-check operator nd://scope/read/health
GET /v1/system/update-status operator nd://scope/read/health
GET /v1/templates authed -
GET /v1/templates/:id authed -
GET /v1/templates/community authed -
GET /v1/topology authed nd://scope/read/topology
GET /v1/traefik authed -
GET /v1/traefik/certificates operator -
GET /v1/traefik/certificates/custom operator -
GET /v1/traefik/certificates/expiring operator -
GET /v1/traefik/certificates/inventory operator -
GET /v1/traefik/config operator -
GET /v1/traefik/custom-config operator -
GET /v1/traefik/logs operator -
GET /v1/traefik/status operator -
GET /v1/traefik/version operator -
GET /v1/tunnels operator -
GET /v1/users operator nd://scope/read/users
GET /v1/volumes operator nd://scope/read/volumes
GET /v1/volumes/:name/backups viewer nd://scope/read/volumes
GET /v1/volumes/:name/backups/:bid/download operator nd://scope/read/volumes
GET /v1/volumes/:name/files operator nd://scope/read/volumes
GET /v1/volumes/:name/files/content operator nd://scope/read/volumes
GET /v1/workspaces authed -
GET /v1/workspaces/:id viewer -
GET /v1/workspaces/:id/invitations admin -
GET /v1/workspaces/:wid/email-templates member -
PATCH /scim/v2/Users/:id scim -
PATCH /v1/alerts/:id operator nd://scope/write/alerts
PATCH /v1/auth/oidc/providers/:id operator -
PATCH /v1/backup-destinations/:id operator nd://scope/write/backups
PATCH /v1/branding operator -
PATCH /v1/databases/:id/limits member nd://scope/write/databases
PATCH /v1/domains/:id member nd://scope/write/domains
PATCH /v1/environments/:id member -
PATCH /v1/github-apps/:id operator -
PATCH /v1/housekeeping/prune/config operator nd://scope/write/housekeeping
PATCH /v1/labels/:id member -
PATCH /v1/log-drains/:id operator -
PATCH /v1/notifications/channels/:id operator nd://scope/write/notifications
PATCH /v1/projects/:id admin nd://scope/write/projects
PATCH /v1/projects/:id/env/:varId member nd://scope/write/env
PATCH /v1/services/:id member nd://scope/write/services
PATCH /v1/services/:id/domains/:domainId member nd://scope/write/domains
PATCH /v1/services/:id/env/:varId member nd://scope/write/env
PATCH /v1/services/:id/env/preview/:varId member nd://scope/write/env
PATCH /v1/services/:id/github/feedback admin nd://scope/write/services
PATCH /v1/services/:id/jobs/:jobId member nd://scope/write/services
PATCH /v1/services/:id/limits member nd://scope/write/services
PATCH /v1/services/:id/targets operator nd://scope/write/services
PATCH /v1/services/:id/volumes/:attId member nd://scope/write/volumes
PATCH /v1/sources/:id operator -
PATCH /v1/users/:id/operator operator nd://scope/write/users
PATCH /v1/users/:id/password operator nd://scope/write/users
PATCH /v1/workspaces/:id admin -
PATCH /v1/workspaces/:id/members/:memberId admin -
POST /scim/v2/Users scim -
POST /v1/ai/services/:id/deploys/:depId/diagnose operator -
POST /v1/ai/suggest-manifest operator -
POST /v1/alerts operator nd://scope/write/alerts
POST /v1/auth/2fa/disable self -
POST /v1/auth/2fa/enable self -
POST /v1/auth/2fa/setup self -
POST /v1/auth/forgot-password public -
POST /v1/auth/login public -
POST /v1/auth/logout self -
POST /v1/auth/oidc/:slug/callback token -
POST /v1/auth/oidc/:slug/link self -
POST /v1/auth/oidc/providers operator -
POST /v1/auth/passkey/login/options public -
POST /v1/auth/passkey/login/verify token -
POST /v1/auth/passkey/register/options self -
POST /v1/auth/passkey/register/verify self -
POST /v1/auth/password self -
POST /v1/auth/refresh public -
POST /v1/auth/register public -
POST /v1/auth/reset-password token -
POST /v1/auth/tokens self -
POST /v1/backup-destinations operator nd://scope/write/backups
POST /v1/backup-destinations/:id/test operator nd://scope/write/backups
POST /v1/build-cache/store operator -
POST /v1/config-presets operator nd://scope/write/config
POST /v1/config/:key operator nd://scope/write/config
POST /v1/containers/:container/files/dir operator -
POST /v1/databases member nd://scope/write/databases
POST /v1/databases/:id/backups admin nd://scope/write/databases
POST /v1/databases/:id/backups/:bid/restore admin nd://scope/write/databases
POST /v1/databases/:id/backups/drill member nd://scope/write/databases
POST /v1/databases/:id/imports operator nd://scope/write/databases
POST /v1/databases/:id/imports/:importId/start admin nd://scope/write/databases
POST /v1/databases/:id/pgbouncer/disable operator nd://scope/write/databases
POST /v1/databases/:id/pgbouncer/enable operator nd://scope/write/databases
POST /v1/databases/:id/restart member nd://scope/write/databases
POST /v1/databases/:id/start member nd://scope/write/databases
POST /v1/databases/:id/stop member nd://scope/write/databases
POST /v1/databases/:id/studio operator nd://scope/write/databases
POST /v1/demo/seed operator -
POST /v1/doctor/fix operator -
POST /v1/domain-presets/apply operator nd://scope/write/domains
POST /v1/domain-transfers/:token/accept token nd://scope/write/domains_transfer
POST /v1/domain-transfers/:token/cancel token nd://scope/write/domains_transfer
POST /v1/domains/:id/transfer admin nd://scope/write/domains
POST /v1/egress operator nd://scope/write/egress
POST /v1/environments member -
POST /v1/firewall/recommended operator nd://scope/write/firewall
POST /v1/firewall/rules operator nd://scope/write/firewall
POST /v1/firewall/toggle operator nd://scope/write/firewall
POST /v1/github-apps operator -
POST /v1/github-apps/:id/installations/sync operator -
POST /v1/github-apps/:id/webhook-secret/rotate operator -
POST /v1/github-apps/:id/webhook/sync operator -
POST /v1/github-apps/manifest operator -
POST /v1/github-apps/manifest/complete operator -
POST /v1/hooks/:id token -
POST /v1/hooks/github-app/:hookKey token -
POST /v1/housekeeping/images/prune operator nd://scope/write/housekeeping
POST /v1/housekeeping/prune operator nd://scope/write/housekeeping
POST /v1/insights authed nd://scope/write/manifests
POST /v1/invitations/:token/accept token -
POST /v1/labels member -
POST /v1/log-drains operator -
POST /v1/log-drains/:id/test operator -
POST /v1/log-drains/search member -
POST /v1/metric-history/flush operator -
POST /v1/networks operator -
POST /v1/networks/attach operator -
POST /v1/networks/detach operator -
POST /v1/notifications/channels operator nd://scope/write/notifications
POST /v1/notifications/channels/:id/test operator nd://scope/write/notifications
POST /v1/plugins/:id/disable operator -
POST /v1/plugins/:id/enable operator -
POST /v1/plugins/:id/reload operator -
POST /v1/plugins/:id/uninstall operator -
POST /v1/plugins/install operator -
POST /v1/plugins/marketplace/refresh operator -
POST /v1/projects member nd://scope/write/projects
POST /v1/projects/:id/env member nd://scope/write/env
POST /v1/scim/tokens operator -
POST /v1/servers operator -
POST /v1/servers/:id/approve operator -
POST /v1/servers/:id/reject operator -
POST /v1/servers/:id/test operator -
POST /v1/servers/announce token -
POST /v1/servers/ssh-bootstrap operator -
POST /v1/servers/ssh-test operator -
POST /v1/services member nd://scope/write/services
POST /v1/services/:id/attachments admin nd://scope/write/services
POST /v1/services/:id/clone admin nd://scope/write/services
POST /v1/services/:id/deploys member nd://scope/write/deploys
POST /v1/services/:id/deploys/:depId/cancel member nd://scope/write/deploys
POST /v1/services/:id/deploys/:depId/rollback member nd://scope/write/deploys
POST /v1/services/:id/domains member nd://scope/write/domains
POST /v1/services/:id/domains/:domainId/verify member nd://scope/write/domains
POST /v1/services/:id/env member nd://scope/write/env
POST /v1/services/:id/env/import member nd://scope/write/env
POST /v1/services/:id/env/preview member nd://scope/write/env
POST /v1/services/:id/github/finalize operator nd://scope/write/services
POST /v1/services/:id/github/migrate operator nd://scope/write/services
POST /v1/services/:id/insights/refresh member nd://scope/write/manifests
POST /v1/services/:id/jobs member nd://scope/write/services
POST /v1/services/:id/jobs/:jobId/run member nd://scope/write/services
POST /v1/services/:id/manifest/apply operator nd://scope/write/services
POST /v1/services/:id/promote member nd://scope/write/services
POST /v1/services/:id/restart member nd://scope/write/services
POST /v1/services/:id/start member nd://scope/write/services
POST /v1/services/:id/sticky-session admin nd://scope/write/services
POST /v1/services/:id/stop member nd://scope/write/services
POST /v1/services/:id/volumes member nd://scope/write/volumes
POST /v1/services/:id/volumes/config-repair member nd://scope/write/volumes
POST /v1/services/:id/webhooks admin nd://scope/write/webhooks
POST /v1/services/compose/preview operator nd://scope/write/services
POST /v1/services/import operator nd://scope/write/services
POST /v1/settings/dns-records/test operator nd://scope/write/settings
POST /v1/settings/enrolment/rotate operator nd://scope/write/settings
POST /v1/settings/master-key/rotate operator nd://scope/write/settings
POST /v1/settings/secret-providers/aws/test operator nd://scope/write/settings
POST /v1/settings/secret-providers/vault/test operator nd://scope/write/settings
POST /v1/settings/vault/test operator nd://scope/write/settings
POST /v1/setup public -
POST /v1/sources operator -
POST /v1/sources/:id/generate-deploy-key operator -
POST /v1/sso/:name/saml-callback authed nd://scope/write/sso
POST /v1/sso/providers operator nd://scope/write/sso
POST /v1/system/import operator nd://scope/write/health
POST /v1/system/panel-backup/restore operator nd://scope/write/health
POST /v1/system/panel-backup/run operator nd://scope/write/health
POST /v1/system/prune-images operator nd://scope/write/health
POST /v1/system/update-start operator nd://scope/write/health
POST /v1/templates/:id/deploy member -
POST /v1/templates/:id/prepare member -
POST /v1/templates/community/import operator -
POST /v1/traefik/backup-certs operator -
POST /v1/traefik/certificates/custom operator -
POST /v1/traefik/custom-config/validate operator -
POST /v1/traefik/restart operator -
POST /v1/traefik/update operator -
POST /v1/tunnels operator -
POST /v1/users operator nd://scope/write/users
POST /v1/users/:id/reset-link operator nd://scope/write/users
POST /v1/volumes operator nd://scope/write/volumes
POST /v1/volumes/:name/backups operator nd://scope/write/volumes
POST /v1/volumes/:name/backups/:bid/restore operator nd://scope/write/volumes
POST /v1/volumes/:name/files/dir operator nd://scope/write/volumes
POST /v1/volumes/prune operator nd://scope/write/volumes
POST /v1/workspaces authed -
POST /v1/workspaces/:id/invitations admin -
POST /v1/workspaces/:id/members admin -
POST /v1/workspaces/:wid/email-templates/preview member -
PUT /scim/v2/Users/:id scim -
PUT /v1/ai/config operator -
PUT /v1/config-presets/:id/apply operator nd://scope/write/config
PUT /v1/containers/:container/files operator -
PUT /v1/databases/:id/backup-policy admin nd://scope/write/databases
PUT /v1/databases/:id/imports/:importId/chunks/:index admin nd://scope/write/databases
PUT /v1/databases/:id/public-access operator nd://scope/write/databases
PUT /v1/github-apps/:id/private-key operator -
PUT /v1/services/:id/github operator nd://scope/write/services
PUT /v1/services/:id/tags admin nd://scope/write/services
PUT /v1/settings/acme-email operator nd://scope/write/settings
PUT /v1/settings/allow-registration operator nd://scope/write/settings
PUT /v1/settings/dns operator nd://scope/write/settings
PUT /v1/settings/dns-records operator nd://scope/write/settings
PUT /v1/settings/dns-records/namecheap operator nd://scope/write/settings
PUT /v1/settings/domain-policy operator nd://scope/write/settings
PUT /v1/settings/panel-domain operator nd://scope/write/settings
PUT /v1/settings/secret-providers/aws operator nd://scope/write/settings
PUT /v1/settings/secret-providers/vault operator nd://scope/write/settings
PUT /v1/settings/templates-source operator nd://scope/write/settings
PUT /v1/settings/vault operator nd://scope/write/settings
PUT /v1/settings/vault/allowlist operator nd://scope/write/settings
PUT /v1/system/panel-backup operator nd://scope/write/health
PUT /v1/traefik/certificates/custom/:id operator -
PUT /v1/traefik/custom-config operator -
PUT /v1/volumes/:name/files operator nd://scope/write/volumes
PUT /v1/workspaces/:wid/email-templates/:name admin -
